mode: set
github.com/dekib/rePacks/cmd/server/main.go:15.13,26.49 5 0
github.com/dekib/rePacks/cmd/server/main.go:26.49,28.3 1 0
github.com/dekib/rePacks/cmd/server/main.go:31.2,41.12 2 0
github.com/dekib/rePacks/cmd/server/main.go:41.12,43.84 2 0
github.com/dekib/rePacks/cmd/server/main.go:43.84,45.4 1 0
github.com/dekib/rePacks/cmd/server/main.go:49.2,57.49 5 0
github.com/dekib/rePacks/cmd/server/main.go:57.49,59.3 1 0
github.com/dekib/rePacks/cmd/server/main.go:61.2,61.39 1 0
github.com/dekib/rePacks/controllers/v1/router.go:11.32,28.2 8 0
github.com/dekib/rePacks/controllers/v1/router.go:28.2,31.3 2 0
github.com/dekib/rePacks/internal/errors/error.go:62.77,74.54 2 0
github.com/dekib/rePacks/internal/errors/error.go:74.54,75.25 1 0
github.com/dekib/rePacks/internal/errors/error.go:75.25,80.4 1 0
github.com/dekib/rePacks/internal/errors/error.go:83.2,83.13 1 0
github.com/dekib/rePacks/internal/errors/error.go:87.81,97.2 1 0
github.com/dekib/rePacks/internal/errors/error.go:100.47,107.2 1 0
github.com/dekib/rePacks/internal/middleware/cors.go:9.39,10.30 1 0
github.com/dekib/rePacks/internal/middleware/cors.go:10.30,19.36 5 0
github.com/dekib/rePacks/internal/middleware/cors.go:19.36,22.4 2 0
github.com/dekib/rePacks/internal/middleware/cors.go:25.3,30.52 4 0
github.com/dekib/rePacks/internal/middleware/cors.go:30.52,32.47 2 0
github.com/dekib/rePacks/internal/middleware/cors.go:32.47,35.5 2 0
github.com/dekib/rePacks/internal/middleware/cors.go:38.3,38.11 1 0
github.com/dekib/rePacks/internal/middleware/cors.go:43.38,44.66 1 0
github.com/dekib/rePacks/internal/middleware/cors.go:44.66,46.3 1 0
github.com/dekib/rePacks/internal/middleware/cors.go:47.2,47.22 1 0
github.com/dekib/rePacks/internal/middleware/cors.go:50.67,51.35 1 0
github.com/dekib/rePacks/internal/middleware/cors.go:51.35,52.47 1 0
github.com/dekib/rePacks/internal/middleware/cors.go:52.47,54.4 1 0
github.com/dekib/rePacks/internal/middleware/cors.go:56.2,56.14 1 0
github.com/dekib/rePacks/internal/middleware/error.go:5.37,6.30 1 0
github.com/dekib/rePacks/internal/middleware/error.go:6.30,8.24 2 0
github.com/dekib/rePacks/internal/middleware/error.go:8.24,11.4 2 0
github.com/dekib/rePacks/internal/middleware/timeout.go:10.63,11.30 1 0
github.com/dekib/rePacks/internal/middleware/timeout.go:11.30,17.3 4 0
github.com/dekib/rePacks/internal/server/server.go:13.33,17.49 2 0
github.com/dekib/rePacks/internal/server/server.go:17.49,21.3 3 0
github.com/dekib/rePacks/internal/server/server.go:24.2,30.40 3 0
github.com/dekib/rePacks/internal/server/server.go:30.40,34.3 1 0
github.com/dekib/rePacks/internal/server/server.go:36.2,36.10 1 0
github.com/dekib/rePacks/internal/server/server.go:39.42,42.44 1 0
github.com/dekib/rePacks/internal/server/server.go:42.44,44.4 1 0
github.com/dekib/rePacks/internal/server/server.go:49.38,53.2 1 0
github.com/dekib/rePacks/controllers/v1/pack/dtos.go:37.50,39.2 1 1
github.com/dekib/rePacks/controllers/v1/pack/dtos.go:41.51,43.2 1 1
github.com/dekib/rePacks/controllers/v1/pack/pack.go:15.75,19.2 1 1
github.com/dekib/rePacks/controllers/v1/pack/pack.go:21.53,23.50 2 1
github.com/dekib/rePacks/controllers/v1/pack/pack.go:23.50,26.21 2 1
github.com/dekib/rePacks/controllers/v1/pack/pack.go:27.35,32.5 1 0
github.com/dekib/rePacks/controllers/v1/pack/pack.go:33.11,38.5 1 1
github.com/dekib/rePacks/controllers/v1/pack/pack.go:41.3,42.9 2 1
github.com/dekib/rePacks/controllers/v1/pack/pack.go:45.2,45.39 1 1
github.com/dekib/rePacks/controllers/v1/pack/pack.go:45.39,52.3 2 0
github.com/dekib/rePacks/controllers/v1/pack/pack.go:54.2,59.26 3 1
github.com/dekib/rePacks/controllers/v1/pack/pack.go:59.26,64.3 1 1
github.com/dekib/rePacks/controllers/v1/pack/pack.go:66.2,66.35 1 1
github.com/dekib/rePacks/controllers/v1/pack/pack.go:69.60,71.49 2 1
github.com/dekib/rePacks/controllers/v1/pack/pack.go:71.49,74.21 2 1
github.com/dekib/rePacks/controllers/v1/pack/pack.go:75.35,80.5 1 0
github.com/dekib/rePacks/controllers/v1/pack/pack.go:81.11,86.5 1 1
github.com/dekib/rePacks/controllers/v1/pack/pack.go:89.3,90.9 2 1
github.com/dekib/rePacks/controllers/v1/pack/pack.go:93.2,93.39 1 1
github.com/dekib/rePacks/controllers/v1/pack/pack.go:93.39,100.3 2 1
github.com/dekib/rePacks/controllers/v1/pack/pack.go:102.2,107.4 2 1
github.com/dekib/rePacks/internal/errors/error.go:62.77,74.54 2 1
github.com/dekib/rePacks/internal/errors/error.go:74.54,75.25 1 1
github.com/dekib/rePacks/internal/errors/error.go:75.25,80.4 1 1
github.com/dekib/rePacks/internal/errors/error.go:83.2,83.13 1 1
github.com/dekib/rePacks/internal/errors/error.go:87.81,97.2 1 0
github.com/dekib/rePacks/internal/errors/error.go:100.47,107.2 1 1
github.com/dekib/rePacks/internal/services/pack.go:22.44,26.2 3 1
github.com/dekib/rePacks/internal/services/pack.go:28.52,33.32 4 1
github.com/dekib/rePacks/internal/services/pack.go:33.32,34.15 1 1
github.com/dekib/rePacks/internal/services/pack.go:34.15,36.4 1 1
github.com/dekib/rePacks/internal/services/pack.go:39.2,39.25 1 1
github.com/dekib/rePacks/internal/services/pack.go:39.25,42.3 2 1
github.com/dekib/rePacks/internal/services/pack.go:45.64,47.21 2 1
github.com/dekib/rePacks/internal/services/pack.go:47.21,49.3 1 0
github.com/dekib/rePacks/internal/services/pack.go:52.2,68.34 7 1
github.com/dekib/rePacks/internal/services/pack.go:68.34,71.3 2 1
github.com/dekib/rePacks/internal/services/pack.go:74.2,78.34 4 1
github.com/dekib/rePacks/internal/services/pack.go:78.34,79.30 1 1
github.com/dekib/rePacks/internal/services/pack.go:79.30,80.17 1 1
github.com/dekib/rePacks/internal/services/pack.go:80.17,86.80 3 1
github.com/dekib/rePacks/internal/services/pack.go:86.80,96.33 6 1
github.com/dekib/rePacks/internal/services/pack.go:96.33,97.38 1 1
github.com/dekib/rePacks/internal/services/pack.go:97.38,100.13 3 1
github.com/dekib/rePacks/internal/services/pack.go:103.6,103.16 1 1
github.com/dekib/rePacks/internal/services/pack.go:103.16,105.7 1 1
github.com/dekib/rePacks/internal/services/pack.go:111.3,111.19 1 1
github.com/dekib/rePacks/internal/services/pack.go:111.19,115.67 1 1
github.com/dekib/rePacks/internal/services/pack.go:115.67,119.5 3 1
github.com/dekib/rePacks/internal/services/pack.go:123.2,123.21 1 1
